Loading Stage 8 input data...
Pairs: 25,720; crimes: 921,427
Pre-window: canonical
Crime coverage: 2019-11-01T00:00:00.000000 to 2026-06-30T23:40:00.000000
Pairs outside crime coverage (D3 guard, must be 0): 0
Calculating crime counts...

Validating causal panel...
Panel shape: (154320, 27)
Unique pairs: 25720
Unique units: 51440
Unique locations: 27980

Period counts:
period
pre       51440
during    51440
post      51440
Name: count, dtype: int64[pyarrow]
Legacy panel backup: no existing panel

Causal panel saved to:
outputs\robustness\placebo90\causal_panel.parquet
sha256 b2662e469d29b84cf8b248d6e7590cc76f8194549db8eae0924c4bc5647003bf
