Loading Stage 8 input data...
Pairs: 20,051; crimes: 921,427
Pre-window: canonical
Crime coverage: 2019-11-01T00:00:00.000000 to 2026-06-30T23:40:00.000000
Pairs outside crime coverage (D3 guard, must be 0): 0
Calculating crime counts...

Validating causal panel...
Panel shape: (120306, 27)
Unique pairs: 20051
Unique units: 40102
Unique locations: 24133

Period counts:
period
pre       40102
during    40102
post      40102
Name: count, dtype: int64[pyarrow]
Legacy panel backup: backed up to C:\Shreya\SIC\Capstone\data\processed\causal_panel.pre_issue4.parquet (sha256 d4daa7de8b601367...)

Causal panel saved to:
C:\Shreya\SIC\Capstone\data\processed\causal_panel.parquet
sha256 eaa0cd74b75d5f99007ff36a96a562c6fde3c02e264d61cbd25aa652c08d1e35
